[16:00:28] revise_report 对称性感知的统一位姿估计_从旋转拓扑到对称-等变训练

I'll read the review checklist and the report to understand the required changes.

Now let me check the source library to verify the review items and find materials for the additional revisions.

Let me verify the review items and check sources for the additional revisions.

Now let me verify the sources for the additional revision requirements.

Let me check if MASt3R is mentioned anywhere in the report.

Let me verify the GS-Pose paper text and check the current state of the report's §1.2.2.

All 4 review items are already fixed in the current report. Now I'll add the v2 idea's 2026-07-23 updates. Let me edit §4.2 DINOv2 row to add LoRA and MASt3R limitations.

Now let me add a brief cross-reference in §4.6 不利因素 item 1 to the LoRA mitigation.

Unable to connect. Is the computer able to access the url?

✗ 第 1 次: Command failed with exit code 1 (exit code: 1)
Error output: Check stderr output for details

↻ 疑似基建抖动，5s 后自动重试一次

I'll read the review checklist and the report first, then verify claims against the source library.

Let me check the source library to verify the claims, especially the new citations and card counts.

Let me verify the card count and check the MASt3R-related cards for the 518px claim.

Let me verify the 518px claim in the evaluation card and check if all review items are already addressed.

Let me verify the MASt3R 24-dim feature claim and check the grounding_image_matching card.

Let me verify the themes file for the [共享假设] content and count the actual papers referenced.

⏱ 超过 1800s 上限，已终止