[11:19:37] write_tech_report 校准多假设不确定性量化用于可靠3D人体姿态估计_技术可行性报告_Calibrated_Multi-Hypothesis

我将先了解项目结构和素材位置，然后逐章核对来源后撰写报告。

我将并行读取定稿 idea、母题文件、相关论文卡片和 repo 卡。

我将并行读取 MHFormer/DiffPose/Anatomy-Aware/Simple Baseline 卡片和两份 repo 卡。

我将读取一份 PoseFormer 卡片作为相关工作的时空分解路线引用，并查看 report.md 作为风格参考。

素材齐备。建立任务清单并开始撰写。

开始写报告。先写头部与第1章。

写第2章方法。我已重新核对 MHFormer.md/Diffpose.md 关键代码事实，现在追加 3 个互补贡献。

让我查看文件末尾。

第2章已完成。更新进度并写第3章。

追加第3章实验计划。

第3章完成。继续写第4章。

追加第4章可行性评估与第5章结论。

全部章节已写入。现在通读自查未标注来源的数字与文献名。

字数 3.1 万字符，在 2.5-4 万目标范围内。现在做通读自查，重点核查数字与文献名。

发现两处需要标注"待验证"的数字。修正它们。

让我快速通读全文检查结构与文献引用。

发现摘要与第3章的指标表述存在轻微不一致。修正。

报告已完成并自查通过。下面是交付摘要。

## 交付摘要

**输出文件**：`reports/校准多假设不确定性量化用于可靠3D人体姿态估计_技术可行性报告_Calibrated_Multi-Hypothesis.md`

**篇幅**：737 行 / 约 3.1 万字符（落在 2.5–4 万目标区间内）。

**结构遵守骨架**：
- 第1章 背景与动机（1.1 问题陈述/1.2 相关工作/1.3 根本性分析，含信息论-几何-优化三视角公式）
- 第2章 方法（C1 多假设分布保留 / C2 解剖学重加权 / C3 温度缩放+isotonic 校准，配伪代码）
- 第3章 实验计划（指标表