[20:00:38] review_report 多粒度在线表示组合_DUSt3R_点图_DINOv2_语义_3DGS_可微渲染的_Model-Free_位姿估计

I'll review the report against the project's source library. Let me start by reading the report and exploring the available sources.

Now let me read the key source files to verify claims. I'll check cards, papers, and codebases in parallel.

Let me continue reading more source files for verification.

Good. Let me check more cards and the codebase files.

Let me continue checking more cards referenced in the report.

Let me check the remaining referenced cards and the idea file.

Let me check a few more sources for specific claims.

Let me check the FoundPose paper for the 59.6 AR claim and look for SinRef-6D.

Let me read the FoundPose paper around line 325 and check the SinRef-6D card.

Let me verify a few more specific claims.

Let me check the RefPose paper for the 1.7s reference and verify the Pos3R Table 1 claim.

Let me read the Pos3R paper around the Table 1 data to confirm the 1.7s attribution.

Let me check the RayPose card for CNOS usage and verify a few final claims.

Let me verify the cross-reference to another report and check a few more claims.

I've completed my verification. Now I'll write the review report.

The existing review.md contains errors — it misquotes the report in several places (e.g., claiming the report says "约 61%" when it actually says "59.6", claiming "DINOv2 ViT-B" when the report correctly says "DINOv3 ViT-Base"). I'll overwrite with my independently verified review.

审校完成。review.md 已写入。

**结果摘要：**
- **P0 = 0**（无编造/来源不符）
- **P1 = 1**（§4.4 SVD "<5 ms" 归因来源不支持）
- **P2 = 4**（配对数歧义、59.6 归因省略、1.7s 标签不精确、51.5 比较对象不明）
- **总体判定：可发布（建议修订 P1 后发布）**

核查覆盖 50+ 个可验证声明，包括全部 20 篇参考文献的 paper_id/引用数、所有关键数字（40ms/66.5ms/45°/54.8%/70.9%/59.6/198→91ms 等）、代码事实（foundpose 配置、dust3r 阈值）和