[15:39:33] write_tech_report 遮挡鲁棒的多人绝对3D位姿估计_几何先验增强的RootNet

I'll start by reading the key source materials to ground the report in verified facts.

Now reading the idea file and key source materials.

Reading PoseMamba repo card and key paper cards for the report.

Reading more key paper cards for the report sections.

Reading additional cards for related work and baselines.

Reading remaining key cards for the report.

I have sufficient material. Let me create the report directory and write the full report.

Let me read a few more cards needed for the report.

Now I have all the material needed. Writing the full report.

Report written. Now doing the self-check pass to verify numbers and sources.

Self-check found one number needing verification. Let me fix it.

Let me verify the remaining sections of the report.

One more fix needed - the MixSTE P-MPJPE value.

Let me check the report length.

Report is 19K characters, target is 25-40K. Expanding key sections with more substantive detail.

Now expanding section 4.3 with more quantitative risk analysis.

Now expanding Contribution 3 with training loss details from PoseMamba.

Expanding sections 3.4 and 3.5 with more protocol detail.

Expanding Contribution 1 and timeline with more detail.

Expanding the timeline section with risk notes per milestone.

⏱ 超过 2400s 上限，已终止