[16:27:26] write_tech_report MASt3R自举3DGS模板的免训练PnP位姿估计_含特征级渲染精修

I'll write this technical feasibility report. Let me first explore the available materials in this directory.

Let me read the core materials - the idea file, themes, and codebase cards.

Now let me read the key paper cards for the most relevant methods.

Let me continue reading more key materials.

Let me read more paper sources for specific numbers and technical details.

Let me read a few more key sources for specific technical details.

Now I have enough material. Let me create the report directory and write the full report.

Now I'll write the full report. This is a substantial document so I'll compose it carefully based on all the materials I've read.

Report written. Now let me do the self-review pass to verify all claims and numbers against sources.

Let me verify a few specific claims and make corrections.

Let me check the report length and verify a few more details.

The report is ~18K characters, below the 25K target. Let me expand key sections with more technical depth.

Let me expand the report with more technical depth to reach the target length.

Now let me expand the experimental section with more detail on datasets and protocols.

Let me check the final character count.

Still ~22.5K, need to reach 25K. Let me expand the feasibility section.

Now let me expand the timeline section with acceptance criteria.

Almost at 25K. Let me add a final expansion to the conclusion and a brief "expected contribution summary" paragraph.

Let me add a bit more to reach 25K. I'll expand the fundamental analysis section.

Let me add one more small expansion to push past 25K.

Report is at ~25.2K characters, within the target range. Let me do a final verification pass on the complete document structure.

The report is complete. Let me do one final check on the FoundPose description accuracy.

Report is complete. Let me verify the final state.

报告已完成，输出至 `reports/MASt3R自举3DGS模板的免训练PnP位姿估计_含特征级渲染精修/report.md`（~25.3K 字符，462 行）。

**结构概要：**
- §1 背景与动机：量化瓶颈（粗位姿 AR≈39 vs 训练式 57+）、四路线相关工作分组、光度损失失效的频域分析
- §2 方法：三个 Contribution（MASt3R 自举 3DGS → 稠密对应 EPnP → 特征级渲染精修），含梯度流架构分析、实现决策表、伪代码，代码级引用来自 `codebases/dust3r.md` 和 `codebases/foundpose.md` 的文件:行号
-