# Agent trace — 3D human pose estimation

  0  [· ] agent: arxiv:2606.04048 | Unlocking Feature Learning in Gated Delta Networks at Scale
  1  [· ] agent: arxiv:2606.04048 | Unlocking Feature Learning in Gated Delta Networks at Scale
  2  [· ] agent: W7167017267 | MHDPose: Multi-hypothesis 3D human pose estimation using bid
  3  [· ] agent: W7172102983 | Exploring the scientific landscape of artificial intelligenc
  4  [· ] agent: W7167017267 | MHDPose: Multi-hypothesis 3D human pose estimation using bid
  5  [· ] agent: W7167239731 | Gen3D-Mamba: Directional state space fusion and hidden state
  6  [· ] agent: W7127918771 | A Survey of Linear Attention: Algorithm, Theory, Application
  7  [· ] agent: W7167025972 | MeshSyne: State-space guided synergistic spatio-temporal opt
  8  [· ] agent: W7168047899 | FreePose: Modeling frequency-decoupled motion trajectories f
  9  [· ] agent: W7168284161 | A Calibration Benchmark for Probabilistic Human Mesh Recover
 10  [· ] agent: W4366748084 | Multi-hypothesis representation learning for transformer-bas
 11  [· ] agent: W7168163523 | OAHPE: occlusion-aware hybrid routing for efficient and robu
 12  [· ] agent: W7168150036 | FG-Net: frequency-domain and Gaussian joint enhancement for 
 13  [· ] agent: W4221144889 | CrossFormer: Cross Spatio-Temporal Transformer for 3D Human 
 14  [· ] agent: W4312249545 | MHFormer: Multi-Hypothesis Transformer for 3D Human Pose Est
 15  [· ] agent: W3217333840 | MHFormer: Multi-Hypothesis Transformer for 3D Human Pose Est
 16  [· ] agent: W7167239731 | Gen3D-Mamba: Directional state space fusion and hidden state
 17  [· ] agent: W7168284161 | A Calibration Benchmark for Probabilistic Human Mesh Recover
 18  [· ] agent: W7168047899 | FreePose: Modeling frequency-decoupled motion trajectories f
 19  [· ] agent: W7168163523 | OAHPE: occlusion-aware hybrid routing for efficient and robu
 20  [· ] agent: W7168150036 | FG-Net: frequency-domain and Gaussian joint enhancement for 
 21  [· ] agent: W7127918771 | A Survey of Linear Attention: Algorithm, Theory, Application
 22  [· ] agent: W7127918771 | A Survey of Linear Attention: Algorithm, Theory, Application
 23  [· ] agent: 7 themes saved
 24  [done ] agent: 人体位姿前沿再调研收口：新增 GDN-µP/MHDPose/线性注意力综述等卡片与母题增量，落盘固化。